[Ramulator::AiMPacketTrace] [info] Loading trace file ./test/aim/00_test_aim_gemv.trace ...
[Ramulator::AiMPacketTrace] [info] Loaded 1 lines.
ch_addrs[0]: 0, bitwidth_ch: 0
ch masked addr: 0
bank_addr: 0, bank_mask: 15
bank masked addr: 0
clk: 1, command: 39
Frontend:
  impl: AiMPacketTrace
  AddrMapper:
    impl: ChRaBaRoCo


MemorySystem:
  impl: AiMSystem
  total_num_RD_AF_requests: 0
  total_num_WR_BIAS_requests: 0
  total_num_WR_GB_requests: 0
  total_num_WR_AFLUT_requests: 0
  total_num_RD_MAC_requests: 0
  total_num_Read_requests: 0
  total_num_MAC_SBK_requests: 0
  total_num_AF_SBK_requests: 0
  total_num_Write_requests: 0
  total_num_MAC_ABK_requests: 1
  total_num_COPY_BKGB_requests: 0
  total_num_COPY_GBBK_requests: 0
  total_num_WR_MAC_requests: 0
  total_num_MAC_4BK_INTRA_BG_requests: 0
  total_num_AF_ABK_requests: 0
  total_num_AF_4BK_INTRA_BG_requests: 0
  total_num_AF_4BK_INTER_BG_requests: 0
  total_num_MAC_4BK_INTER_BG_requests: 0
  total_num_WR_BK_requests: 0
  total_num_EWMUL_requests: 0
  total_num_EWADD_requests: 0
  DRAM:
    impl: LPDDR5
  AddrMapper:
    impl: ChRaBaRoCo


  Controller:
    impl: AiMController
    id: Channel 0
    CH0_num_MACSB_commands: 0
    CH0_num_MAC4B_INTRA_commands: 0
    CH0_num_REFpb_commands: 0
    CH0_num_WR16A_commands: 0
    CH0_AiM_WR_GB_cycles: 0
    CH0_AiM_EWMUL_cycles: 0
    CH0_AiM_RD_AF_cycles: 0
    CH0_num_ACTAF16-1_commands: 0
    CH0_num_RD16_commands: 0
    CH0_num_PREA_commands: 0
    CH0_num_RD16A_commands: 0
    CH0_num_WR16_commands: 0
    CH0_num_CASWR4B_INTRA_commands: 0
    CH0_num_CASRD_commands: 0
    CH0_num_AFAB_commands: 0
    CH0_num_CASWR_commands: 0
    CH0_num_ACT-2_commands: 0
    CH0_num_MACAB_commands: 0
    CH0_Write_cycles: 0
    CH0_num_AFSB_commands: 0
    CH0_AiM_WR_MAC_cycles: 0
    CH0_AiM_WR_BIAS_cycles: 0
    CH0_AiM_RD_MAC_cycles: 0
    CH0_num_RFMab_commands: 0
    CH0_num_EWADD_commands: 0
    CH0_active_cycles: 0
    CH0_num_REFab_commands: 0
    CH0_num_ACT-1_commands: 0
    CH0_num_ACT4_BG-1_commands: 0
    CH0_Read_cycles: 0
    CH0_AiM_MAC_4BK_INTRA_BG_cycles: 0
    CH0_num_PRE_commands: 0
    CH0_num_RDCP_commands: 0
    CH0_num_CASRD4B_INTRA_commands: 0
    CH0_num_WRMAC_commands: 0
    CH0_AiM_MAC_4BK_INTER_BG_cycles: 0
    CH0_AiM_AF_4BK_INTER_BG_cycles: 0
    CH0_num_AF4B_INTRA_commands: 0
    CH0_AiM_EWADD_cycles: 0
    CH0_num_ACTAF4_BG-2_commands: 0
    CH0_idle_cycles: 124
    CH0_num_WRCP_commands: 0
    CH0_num_ACTAF4_BG-1_commands: 0
    CH0_num_PRE4_BG_commands: 0
    CH0_num_ACT4_BG-2_commands: 0
    CH0_num_ACT16-1_commands: 0
    CH0_num_EWMUL_commands: 0
    CH0_num_ACT16-2_commands: 0
    CH0_num_CASRDAB_commands: 0
    CH0_precharged_cycles: 125
    CH0_num_ACTAF16-2_commands: 0
    CH0_num_CASWRAB_commands: 0
    CH0_AiM_AF_4BK_INTRA_BG_cycles: 0
    CH0_num_WRAFLUT_commands: 0
    CH0_num_WRBK_commands: 0
    CH0_num_WRGB_commands: 1
    CH0_num_WRBIAS_commands: 0
    CH0_num_RFMpb_commands: 0
    CH0_num_RDAF_commands: 0
    CH0_num_RDMAC_commands: 0
    Scheduler:
      impl: FRFCFS
    RefreshManager:
      impl: AllBank



